11:39:42 **** Incremental Build of configuration Debug for project led ****
make -j12 all 
arm-none-eabi-gcc "../Core/Src/main.c" -mcpu=cortex-m7 -std=gnu11 -g3 -DDEBUG -DUSE_HAL_DRIVER -DSTM32H750xx -c -I../Core/Inc -I../Drivers/STM32H7xx_HAL_Driver/Inc -I../Drivers/STM32H7xx_HAL_Driver/Inc/Legacy -I../Drivers/CMSIS/Device/ST/STM32H7xx/Include -I../Drivers/CMSIS/Include -I../Use -O0 -ffunction-sections -fdata-sections -Wall -fstack-usage -fcyclomatic-complexity -MMD -MP -MF"Core/Src/main.d" -MT"Core/Src/main.o" --specs=nano.specs -mfpu=fpv5-d16 -mfloat-abi=hard -mthumb -o "Core/Src/main.o"
arm-none-eabi-gcc -o "led.elf" @"objects.list"   -mcpu=cortex-m7 -T"D:\buf\stm32h750vbt6\led\STM32H750VBTX_FLASH.ld" --specs=nosys.specs -Wl,-Map="led.map" -Wl,--gc-sections -static --specs=nano.specs -mfpu=fpv5-d16 -mfloat-abi=hard -mthumb -Wl,--start-group -lc -lm -Wl,--end-group
Finished building target: led.elf
 
arm-none-eabi-size   led.elf 
arm-none-eabi-objdump -h -S  led.elf  > "led.list"
   text	   data	    bss	    dec	    hex	filename
   9480	     24	   1648	  11152	   2b90	led.elf
Finished building: default.size.stdout
 
Finished building: led.list
 

11:39:44 Build Finished. 0 errors, 0 warnings. (took 1s.376ms)

